[2026-04-26 15:18:36] === Keepalive daemon started ===
[2026-04-26 15:18:36] ⚠️ Backend (port 8082) is DOWN, restarting...
[2026-04-26 15:18:37] Backend started, PID=2054700
[2026-04-26 15:18:37] ⚠️ Frontend (port 3000) is DOWN, restarting...
[2026-04-26 15:18:38] Frontend (serve) started, PID=2054717
[2026-04-26 15:22:51] === Keepalive daemon started ===
[2026-04-26 15:22:51] === Keepalive daemon started ===
[2026-04-26 15:22:51] ✅ Backend OK
[2026-04-26 15:22:51] ✅ Backend OK
[2026-04-26 15:22:51] ✅ Frontend OK
[2026-04-26 15:22:51] ✅ Frontend OK
[2026-04-26 15:28:38] ✅ Backend OK
[2026-04-26 15:28:38] ✅ Frontend OK
[2026-04-26 15:32:51] ✅ Backend OK
[2026-04-26 15:32:51] ✅ Backend OK
[2026-04-26 15:32:51] ✅ Frontend OK
[2026-04-26 15:32:51] ✅ Frontend OK
[2026-04-26 15:38:38] ✅ Backend OK
[2026-04-26 15:38:38] ✅ Frontend OK
[2026-04-26 15:42:51] ✅ Backend OK
[2026-04-26 15:42:51] ✅ Backend OK
[2026-04-26 15:42:51] ⚠️ Frontend (port 3000) is DOWN, restarting...
[2026-04-26 15:42:51] ⚠️ Frontend (port 3000) is DOWN, restarting...
[2026-04-26 15:42:53] Frontend (serve) started, PID=2060855
[2026-04-26 15:42:53] Frontend (serve) started, PID=2060855
[2026-04-26 15:48:38] ✅ Backend OK
[2026-04-26 15:48:38] ✅ Frontend OK
[2026-04-26 15:52:53] ✅ Backend OK
[2026-04-26 15:52:53] ✅ Backend OK
[2026-04-26 15:52:53] ✅ Frontend OK
[2026-04-26 15:52:53] ✅ Frontend OK
[2026-04-26 15:58:38] ✅ Backend OK
[2026-04-26 15:58:38] ✅ Frontend OK
[2026-04-26 16:02:53] ✅ Backend OK
[2026-04-26 16:02:53] ✅ Backend OK
[2026-04-26 16:02:53] ✅ Frontend OK
[2026-04-26 16:02:53] ✅ Frontend OK
[2026-04-26 16:08:38] ✅ Backend OK
[2026-04-26 16:08:38] ✅ Frontend OK
[2026-04-26 16:12:53] ✅ Backend OK
[2026-04-26 16:12:53] ✅ Backend OK
[2026-04-26 16:12:53] ✅ Frontend OK
[2026-04-26 16:12:53] ✅ Frontend OK
[2026-04-26 16:18:38] ✅ Backend OK
[2026-04-26 16:18:38] ✅ Frontend OK
[2026-04-26 16:22:53] ✅ Backend OK
[2026-04-26 16:22:53] ✅ Backend OK
[2026-04-26 16:22:53] ✅ Frontend OK
[2026-04-26 16:22:53] ✅ Frontend OK
[2026-04-26 16:28:38] ✅ Backend OK
[2026-04-26 16:28:38] ✅ Frontend OK
[2026-04-26 16:32:53] ✅ Backend OK
[2026-04-26 16:32:53] ✅ Backend OK
[2026-04-26 16:32:53] ✅ Frontend OK
[2026-04-26 16:32:53] ✅ Frontend OK
[2026-04-26 16:38:38] ✅ Backend OK
[2026-04-26 16:38:38] ✅ Frontend OK
[2026-04-26 16:42:53] ✅ Backend OK
[2026-04-26 16:42:53] ✅ Backend OK
[2026-04-26 16:42:53] ✅ Frontend OK
[2026-04-26 16:42:53] ✅ Frontend OK
[2026-04-26 16:48:38] ✅ Backend OK
[2026-04-26 16:48:38] ✅ Frontend OK
[2026-04-26 16:52:53] ✅ Backend OK
[2026-04-26 16:52:53] ✅ Backend OK
[2026-04-26 16:52:53] ✅ Frontend OK
[2026-04-26 16:52:53] ✅ Frontend OK
[2026-04-26 16:58:38] ✅ Backend OK
[2026-04-26 16:58:38] ✅ Frontend OK
[2026-04-26 17:02:53] ✅ Backend OK
[2026-04-26 17:02:53] ✅ Backend OK
[2026-04-26 17:02:53] ✅ Frontend OK
[2026-04-26 17:02:53] ✅ Frontend OK
[2026-04-26 17:08:38] ✅ Backend OK
[2026-04-26 17:08:38] ✅ Frontend OK
[2026-04-26 17:12:53] ✅ Backend OK
[2026-04-26 17:12:53] ✅ Backend OK
[2026-04-26 17:12:53] ✅ Frontend OK
[2026-04-26 17:12:53] ✅ Frontend OK
[2026-04-26 17:18:38] ✅ Backend OK
[2026-04-26 17:18:38] ✅ Frontend OK
[2026-04-26 17:22:53] ✅ Backend OK
[2026-04-26 17:22:53] ✅ Backend OK
[2026-04-26 17:22:53] ✅ Frontend OK
[2026-04-26 17:22:53] ✅ Frontend OK
[2026-04-26 17:28:38] ✅ Backend OK
[2026-04-26 17:28:38] ✅ Frontend OK
[2026-04-26 17:32:53] ✅ Backend OK
[2026-04-26 17:32:53] ✅ Backend OK
[2026-04-26 17:32:53] ✅ Frontend OK
[2026-04-26 17:32:53] ✅ Frontend OK
[2026-04-26 17:38:38] ✅ Backend OK
[2026-04-26 17:38:38] ✅ Frontend OK
[2026-04-26 17:42:53] ✅ Backend OK
[2026-04-26 17:42:53] ✅ Backend OK
[2026-04-26 17:42:53] ✅ Frontend OK
[2026-04-26 17:42:53] ✅ Frontend OK
[2026-04-26 17:48:38] ✅ Backend OK
[2026-04-26 17:48:38] ✅ Frontend OK
[2026-04-26 17:52:53] ✅ Backend OK
[2026-04-26 17:52:53] ✅ Backend OK
[2026-04-26 17:52:53] ✅ Frontend OK
[2026-04-26 17:52:53] ✅ Frontend OK
[2026-04-26 17:58:38] ✅ Backend OK
[2026-04-26 17:58:38] ✅ Frontend OK
[2026-04-26 18:02:53] ✅ Backend OK
[2026-04-26 18:02:53] ✅ Backend OK
[2026-04-26 18:02:53] ✅ Frontend OK
[2026-04-26 18:02:53] ✅ Frontend OK
[2026-04-26 18:08:38] ✅ Backend OK
[2026-04-26 18:08:38] ✅ Frontend OK
[2026-04-26 18:12:53] ✅ Backend OK
[2026-04-26 18:12:53] ✅ Backend OK
[2026-04-26 18:12:53] ✅ Frontend OK
[2026-04-26 18:12:53] ✅ Frontend OK
[2026-04-26 18:18:38] ✅ Backend OK
[2026-04-26 18:18:38] ✅ Frontend OK
[2026-04-26 18:22:53] ✅ Backend OK
[2026-04-26 18:22:53] ✅ Backend OK
[2026-04-26 18:22:53] ✅ Frontend OK
[2026-04-26 18:22:53] ✅ Frontend OK
[2026-04-26 18:28:38] ✅ Backend OK
[2026-04-26 18:28:38] ✅ Frontend OK
[2026-04-26 18:32:53] ✅ Backend OK
[2026-04-26 18:32:53] ✅ Backend OK
[2026-04-26 18:32:53] ✅ Frontend OK
[2026-04-26 18:32:53] ✅ Frontend OK
[2026-04-26 18:38:38] ✅ Backend OK
[2026-04-26 18:38:38] ✅ Frontend OK
[2026-04-26 18:42:53] ✅ Backend OK
[2026-04-26 18:42:53] ✅ Backend OK
[2026-04-26 18:42:53] ✅ Frontend OK
[2026-04-26 18:42:53] ✅ Frontend OK
[2026-04-26 18:48:38] ✅ Backend OK
[2026-04-26 18:48:38] ✅ Frontend OK
[2026-04-26 18:52:53] ✅ Backend OK
[2026-04-26 18:52:53] ✅ Backend OK
[2026-04-26 18:52:53] ✅ Frontend OK
[2026-04-26 18:52:53] ✅ Frontend OK
[2026-04-26 18:58:38] ✅ Backend OK
[2026-04-26 18:58:38] ✅ Frontend OK
[2026-04-26 19:02:53] ✅ Backend OK
[2026-04-26 19:02:53] ✅ Backend OK
[2026-04-26 19:02:53] ✅ Frontend OK
[2026-04-26 19:02:53] ✅ Frontend OK
[2026-04-26 19:08:38] ✅ Backend OK
[2026-04-26 19:08:38] ✅ Frontend OK
[2026-04-26 19:12:53] ✅ Backend OK
[2026-04-26 19:12:53] ✅ Backend OK
[2026-04-26 19:12:53] ✅ Frontend OK
[2026-04-26 19:12:53] ✅ Frontend OK
[2026-04-26 19:18:38] ✅ Backend OK
[2026-04-26 19:18:38] ✅ Frontend OK
[2026-04-26 19:22:53] ✅ Backend OK
[2026-04-26 19:22:53] ✅ Backend OK
[2026-04-26 19:22:53] ✅ Frontend OK
[2026-04-26 19:22:53] ✅ Frontend OK
[2026-04-26 19:28:38] ✅ Backend OK
[2026-04-26 19:28:38] ✅ Frontend OK
[2026-04-26 19:32:53] ✅ Backend OK
[2026-04-26 19:32:53] ✅ Backend OK
[2026-04-26 19:32:53] ✅ Frontend OK
[2026-04-26 19:32:53] ✅ Frontend OK
[2026-04-26 19:38:38] ✅ Backend OK
[2026-04-26 19:38:38] ✅ Frontend OK
[2026-04-26 19:42:53] ✅ Backend OK
[2026-04-26 19:42:53] ✅ Backend OK
[2026-04-26 19:42:53] ✅ Frontend OK
[2026-04-26 19:42:53] ✅ Frontend OK
[2026-04-26 19:48:38] ✅ Backend OK
[2026-04-26 19:48:39] ✅ Frontend OK
[2026-04-26 19:52:53] ✅ Backend OK
[2026-04-26 19:52:53] ✅ Backend OK
[2026-04-26 19:52:53] ✅ Frontend OK
[2026-04-26 19:52:53] ✅ Frontend OK
[2026-04-26 19:58:39] ✅ Backend OK
[2026-04-26 19:58:39] ✅ Frontend OK
[2026-04-26 20:02:53] ✅ Backend OK
[2026-04-26 20:02:53] ✅ Backend OK
[2026-04-26 20:02:53] ✅ Frontend OK
[2026-04-26 20:02:53] ✅ Frontend OK
[2026-04-26 20:08:39] ✅ Backend OK
[2026-04-26 20:08:39] ✅ Frontend OK
[2026-04-26 20:12:53] ✅ Backend OK
[2026-04-26 20:12:53] ✅ Backend OK
[2026-04-26 20:12:53] ✅ Frontend OK
[2026-04-26 20:12:53] ✅ Frontend OK
[2026-04-26 20:18:39] ✅ Backend OK
[2026-04-26 20:18:39] ✅ Frontend OK
[2026-04-26 20:22:53] ✅ Backend OK
[2026-04-26 20:22:53] ✅ Backend OK
[2026-04-26 20:22:53] ✅ Frontend OK
[2026-04-26 20:22:53] ✅ Frontend OK
[2026-04-26 20:28:39] ✅ Backend OK
[2026-04-26 20:28:39] ✅ Frontend OK
[2026-04-26 20:32:53] ✅ Backend OK
[2026-04-26 20:32:53] ✅ Backend OK
[2026-04-26 20:32:53] ✅ Frontend OK
[2026-04-26 20:32:53] ✅ Frontend OK
[2026-04-26 20:38:39] ✅ Backend OK
[2026-04-26 20:38:39] ✅ Frontend OK
[2026-04-26 20:42:53] ✅ Backend OK
[2026-04-26 20:42:53] ✅ Backend OK
[2026-04-26 20:42:53] ✅ Frontend OK
[2026-04-26 20:42:53] ✅ Frontend OK
[2026-04-26 20:48:39] ✅ Backend OK
[2026-04-26 20:48:39] ✅ Frontend OK
[2026-04-26 20:52:53] ✅ Backend OK
[2026-04-26 20:52:53] ✅ Backend OK
[2026-04-26 20:52:53] ✅ Frontend OK
[2026-04-26 20:52:53] ✅ Frontend OK
[2026-04-26 20:58:39] ✅ Backend OK
[2026-04-26 20:58:39] ✅ Frontend OK
[2026-04-26 21:02:53] ✅ Backend OK
[2026-04-26 21:02:53] ✅ Backend OK
[2026-04-26 21:02:53] ✅ Frontend OK
[2026-04-26 21:02:53] ✅ Frontend OK
[2026-04-26 21:08:39] ✅ Backend OK
[2026-04-26 21:08:39] ✅ Frontend OK
[2026-04-26 21:12:53] ✅ Backend OK
[2026-04-26 21:12:53] ✅ Backend OK
[2026-04-26 21:12:53] ✅ Frontend OK
[2026-04-26 21:12:53] ✅ Frontend OK
[2026-04-26 21:18:39] ✅ Backend OK
[2026-04-26 21:18:39] ✅ Frontend OK
[2026-04-26 21:22:53] ✅ Backend OK
[2026-04-26 21:22:53] ✅ Backend OK
[2026-04-26 21:22:53] ✅ Frontend OK
[2026-04-26 21:22:53] ✅ Frontend OK
[2026-04-26 21:28:39] ✅ Backend OK
[2026-04-26 21:28:39] ✅ Frontend OK
[2026-04-26 21:32:53] ✅ Backend OK
[2026-04-26 21:32:53] ✅ Backend OK
[2026-04-26 21:32:53] ✅ Frontend OK
[2026-04-26 21:32:53] ✅ Frontend OK
[2026-04-26 21:38:39] ✅ Backend OK
[2026-04-26 21:38:39] ✅ Frontend OK
[2026-04-26 21:42:53] ✅ Backend OK
[2026-04-26 21:42:53] ✅ Backend OK
[2026-04-26 21:42:53] ✅ Frontend OK
[2026-04-26 21:42:53] ✅ Frontend OK
[2026-04-26 21:48:39] ✅ Backend OK
[2026-04-26 21:48:39] ✅ Frontend OK
[2026-04-26 21:52:53] ✅ Backend OK
[2026-04-26 21:52:53] ✅ Backend OK
[2026-04-26 21:52:53] ✅ Frontend OK
[2026-04-26 21:52:53] ✅ Frontend OK
[2026-04-26 21:58:39] ✅ Backend OK
[2026-04-26 21:58:39] ✅ Frontend OK
[2026-04-26 22:02:53] ✅ Backend OK
[2026-04-26 22:02:53] ✅ Backend OK
[2026-04-26 22:02:53] ✅ Frontend OK
[2026-04-26 22:02:53] ✅ Frontend OK
[2026-04-26 22:08:39] ✅ Backend OK
[2026-04-26 22:08:39] ✅ Frontend OK
[2026-04-26 22:12:53] ✅ Backend OK
[2026-04-26 22:12:53] ✅ Backend OK
[2026-04-26 22:12:53] ✅ Frontend OK
[2026-04-26 22:12:53] ✅ Frontend OK
[2026-04-26 22:18:39] ✅ Backend OK
[2026-04-26 22:18:39] ✅ Frontend OK
[2026-04-26 22:22:53] ✅ Backend OK
[2026-04-26 22:22:53] ✅ Backend OK
[2026-04-26 22:22:53] ✅ Frontend OK
[2026-04-26 22:22:53] ✅ Frontend OK
[2026-04-26 22:28:39] ✅ Backend OK
[2026-04-26 22:28:39] ✅ Frontend OK
[2026-04-26 22:32:53] ✅ Backend OK
[2026-04-26 22:32:53] ✅ Backend OK
[2026-04-26 22:32:53] ✅ Frontend OK
[2026-04-26 22:32:53] ✅ Frontend OK
[2026-04-26 22:38:39] ✅ Backend OK
[2026-04-26 22:38:39] ✅ Frontend OK
[2026-04-26 22:42:53] ✅ Backend OK
[2026-04-26 22:42:53] ✅ Backend OK
[2026-04-26 22:42:53] ✅ Frontend OK
[2026-04-26 22:42:53] ✅ Frontend OK
[2026-04-26 22:48:39] ✅ Backend OK
[2026-04-26 22:48:39] ✅ Frontend OK
[2026-04-26 22:52:53] ✅ Backend OK
[2026-04-26 22:52:53] ✅ Backend OK
[2026-04-26 22:52:53] ✅ Frontend OK
[2026-04-26 22:52:53] ✅ Frontend OK
[2026-04-26 22:58:39] ✅ Backend OK
[2026-04-26 22:58:39] ✅ Frontend OK
[2026-04-26 23:02:53] ✅ Backend OK
[2026-04-26 23:02:53] ✅ Backend OK
[2026-04-26 23:02:53] ✅ Frontend OK
[2026-04-26 23:02:53] ✅ Frontend OK
[2026-04-26 23:08:39] ✅ Backend OK
[2026-04-26 23:08:39] ✅ Frontend OK
[2026-04-26 23:12:53] ✅ Backend OK
[2026-04-26 23:12:53] ✅ Backend OK
[2026-04-26 23:12:53] ✅ Frontend OK
[2026-04-26 23:12:53] ✅ Frontend OK
[2026-04-26 23:18:39] ✅ Backend OK
[2026-04-26 23:18:39] ✅ Frontend OK
[2026-04-26 23:22:53] ✅ Backend OK
[2026-04-26 23:22:53] ✅ Backend OK
[2026-04-26 23:22:53] ✅ Frontend OK
[2026-04-26 23:22:53] ✅ Frontend OK
[2026-04-26 23:28:39] ✅ Backend OK
[2026-04-26 23:28:39] ✅ Frontend OK
[2026-04-26 23:32:53] ✅ Backend OK
[2026-04-26 23:32:53] ✅ Backend OK
[2026-04-26 23:32:53] ✅ Frontend OK
[2026-04-26 23:32:53] ✅ Frontend OK
[2026-04-26 23:38:39] ✅ Backend OK
[2026-04-26 23:38:39] ✅ Frontend OK
[2026-04-26 23:42:53] ✅ Backend OK
[2026-04-26 23:42:53] ✅ Backend OK
[2026-04-26 23:42:53] ✅ Frontend OK
[2026-04-26 23:42:53] ✅ Frontend OK
[2026-04-26 23:48:39] ✅ Backend OK
[2026-04-26 23:48:39] ✅ Frontend OK
[2026-04-26 23:52:53] ✅ Backend OK
[2026-04-26 23:52:53] ✅ Backend OK
[2026-04-26 23:52:53] ✅ Frontend OK
[2026-04-26 23:52:53] ✅ Frontend OK
[2026-04-26 23:58:39] ✅ Backend OK
[2026-04-26 23:58:39] ✅ Frontend OK
[2026-04-27 00:02:53] ✅ Backend OK
[2026-04-27 00:02:53] ✅ Backend OK
[2026-04-27 00:02:53] ✅ Frontend OK
[2026-04-27 00:02:53] ✅ Frontend OK
[2026-04-27 00:08:39] ✅ Backend OK
[2026-04-27 00:08:39] ✅ Frontend OK
[2026-04-27 00:12:53] ✅ Backend OK
[2026-04-27 00:12:53] ✅ Backend OK
[2026-04-27 00:12:53] ✅ Frontend OK
[2026-04-27 00:12:53] ✅ Frontend OK
[2026-04-27 00:18:39] ✅ Backend OK
[2026-04-27 00:18:39] ✅ Frontend OK
[2026-04-27 00:22:54] ✅ Backend OK
[2026-04-27 00:22:54] ✅ Backend OK
[2026-04-27 00:22:54] ✅ Frontend OK
[2026-04-27 00:22:54] ✅ Frontend OK
[2026-04-27 00:28:39] ✅ Backend OK
[2026-04-27 00:28:39] ✅ Frontend OK
[2026-04-27 00:32:54] ✅ Backend OK
[2026-04-27 00:32:54] ✅ Backend OK
[2026-04-27 00:32:54] ✅ Frontend OK
[2026-04-27 00:32:54] ✅ Frontend OK
[2026-04-27 00:38:39] ✅ Backend OK
[2026-04-27 00:38:39] ✅ Frontend OK
[2026-04-27 00:42:54] ✅ Backend OK
[2026-04-27 00:42:54] ✅ Backend OK
[2026-04-27 00:42:54] ✅ Frontend OK
[2026-04-27 00:42:54] ✅ Frontend OK
[2026-04-27 00:48:39] ✅ Backend OK
[2026-04-27 00:48:39] ✅ Frontend OK
[2026-04-27 00:52:54] ✅ Backend OK
[2026-04-27 00:52:54] ✅ Backend OK
[2026-04-27 00:52:54] ✅ Frontend OK
[2026-04-27 00:52:54] ✅ Frontend OK
[2026-04-27 00:58:39] ✅ Backend OK
[2026-04-27 00:58:39] ✅ Frontend OK
[2026-04-27 01:02:54] ✅ Backend OK
[2026-04-27 01:02:54] ✅ Backend OK
[2026-04-27 01:02:54] ✅ Frontend OK
[2026-04-27 01:02:54] ✅ Frontend OK
[2026-04-27 01:08:39] ✅ Backend OK
[2026-04-27 01:08:39] ✅ Frontend OK
[2026-04-27 01:12:54] ✅ Backend OK
[2026-04-27 01:12:54] ✅ Backend OK
[2026-04-27 01:12:54] ✅ Frontend OK
[2026-04-27 01:12:54] ✅ Frontend OK
[2026-04-27 01:18:39] ✅ Backend OK
[2026-04-27 01:18:39] ✅ Frontend OK
[2026-04-27 01:22:54] ✅ Backend OK
[2026-04-27 01:22:54] ✅ Backend OK
[2026-04-27 01:22:54] ✅ Frontend OK
[2026-04-27 01:22:54] ✅ Frontend OK
[2026-04-27 01:28:39] ✅ Backend OK
[2026-04-27 01:28:39] ✅ Frontend OK
[2026-04-27 01:32:54] ✅ Backend OK
[2026-04-27 01:32:54] ✅ Backend OK
[2026-04-27 01:32:54] ✅ Frontend OK
[2026-04-27 01:32:54] ✅ Frontend OK
[2026-04-27 01:38:39] ✅ Backend OK
[2026-04-27 01:38:39] ✅ Frontend OK
[2026-04-27 01:42:54] ✅ Backend OK
[2026-04-27 01:42:54] ✅ Backend OK
[2026-04-27 01:42:54] ✅ Frontend OK
[2026-04-27 01:42:54] ✅ Frontend OK
[2026-04-27 01:48:39] ✅ Backend OK
[2026-04-27 01:48:39] ✅ Frontend OK
[2026-04-27 01:52:54] ✅ Backend OK
[2026-04-27 01:52:54] ✅ Backend OK
[2026-04-27 01:52:54] ✅ Frontend OK
[2026-04-27 01:52:54] ✅ Frontend OK
[2026-04-27 01:58:39] ✅ Backend OK
[2026-04-27 01:58:39] ✅ Frontend OK
[2026-04-27 02:02:54] ✅ Backend OK
[2026-04-27 02:02:54] ✅ Backend OK
[2026-04-27 02:02:54] ✅ Frontend OK
[2026-04-27 02:02:54] ✅ Frontend OK
[2026-04-27 02:08:39] ✅ Backend OK
[2026-04-27 02:08:39] ✅ Frontend OK
[2026-04-27 02:12:54] ✅ Backend OK
[2026-04-27 02:12:54] ✅ Backend OK
[2026-04-27 02:12:54] ✅ Frontend OK
[2026-04-27 02:12:54] ✅ Frontend OK
[2026-04-27 02:18:39] ✅ Backend OK
[2026-04-27 02:18:39] ✅ Frontend OK
[2026-04-27 02:22:54] ✅ Backend OK
[2026-04-27 02:22:54] ✅ Backend OK
[2026-04-27 02:22:54] ✅ Frontend OK
[2026-04-27 02:22:54] ✅ Frontend OK
[2026-04-27 02:28:39] ✅ Backend OK
[2026-04-27 02:28:39] ✅ Frontend OK
[2026-04-27 02:32:54] ✅ Backend OK
[2026-04-27 02:32:54] ✅ Backend OK
[2026-04-27 02:32:54] ✅ Frontend OK
[2026-04-27 02:32:54] ✅ Frontend OK
[2026-04-27 02:38:39] ✅ Backend OK
[2026-04-27 02:38:39] ✅ Frontend OK
[2026-04-27 02:42:54] ✅ Backend OK
[2026-04-27 02:42:54] ✅ Backend OK
[2026-04-27 02:42:54] ✅ Frontend OK
[2026-04-27 02:42:54] ✅ Frontend OK
[2026-04-27 02:48:39] ✅ Backend OK
[2026-04-27 02:48:39] ✅ Frontend OK
[2026-04-27 02:52:54] ✅ Backend OK
[2026-04-27 02:52:54] ✅ Backend OK
[2026-04-27 02:52:54] ✅ Frontend OK
[2026-04-27 02:52:54] ✅ Frontend OK
[2026-04-27 02:58:39] ✅ Backend OK
[2026-04-27 02:58:39] ✅ Frontend OK
[2026-04-27 03:02:54] ✅ Backend OK
[2026-04-27 03:02:54] ✅ Backend OK
[2026-04-27 03:02:54] ✅ Frontend OK
[2026-04-27 03:02:54] ✅ Frontend OK
[2026-04-27 03:08:39] ✅ Backend OK
[2026-04-27 03:08:39] ✅ Frontend OK
[2026-04-27 03:12:54] ✅ Backend OK
[2026-04-27 03:12:54] ✅ Backend OK
[2026-04-27 03:12:54] ✅ Frontend OK
[2026-04-27 03:12:54] ✅ Frontend OK
[2026-04-27 03:18:39] ✅ Backend OK
[2026-04-27 03:18:39] ✅ Frontend OK
[2026-04-27 03:22:54] ✅ Backend OK
[2026-04-27 03:22:54] ✅ Backend OK
[2026-04-27 03:22:54] ✅ Frontend OK
[2026-04-27 03:22:54] ✅ Frontend OK
[2026-04-27 03:28:39] ✅ Backend OK
[2026-04-27 03:28:39] ✅ Frontend OK
[2026-04-27 03:32:54] ✅ Backend OK
[2026-04-27 03:32:54] ✅ Backend OK
[2026-04-27 03:32:54] ✅ Frontend OK
[2026-04-27 03:32:54] ✅ Frontend OK
[2026-04-27 03:38:39] ✅ Backend OK
[2026-04-27 03:38:39] ✅ Frontend OK
[2026-04-27 03:42:54] ✅ Backend OK
[2026-04-27 03:42:54] ✅ Backend OK
[2026-04-27 03:42:54] ✅ Frontend OK
[2026-04-27 03:42:54] ✅ Frontend OK
[2026-04-27 03:48:39] ✅ Backend OK
[2026-04-27 03:48:39] ✅ Frontend OK
[2026-04-27 03:52:54] ✅ Backend OK
[2026-04-27 03:52:54] ✅ Backend OK
[2026-04-27 03:52:54] ✅ Frontend OK
[2026-04-27 03:52:54] ✅ Frontend OK
[2026-04-27 03:58:39] ✅ Backend OK
[2026-04-27 03:58:39] ✅ Frontend OK
[2026-04-27 04:02:54] ✅ Backend OK
[2026-04-27 04:02:54] ✅ Backend OK
[2026-04-27 04:02:54] ✅ Frontend OK
[2026-04-27 04:02:54] ✅ Frontend OK
[2026-04-27 04:08:39] ✅ Backend OK
[2026-04-27 04:08:39] ✅ Frontend OK
[2026-04-27 04:12:54] ✅ Backend OK
[2026-04-27 04:12:54] ✅ Backend OK
[2026-04-27 04:12:54] ✅ Frontend OK
[2026-04-27 04:12:54] ✅ Frontend OK
[2026-04-27 04:18:39] ✅ Backend OK
[2026-04-27 04:18:39] ✅ Frontend OK
[2026-04-27 04:22:54] ✅ Backend OK
[2026-04-27 04:22:54] ✅ Backend OK
[2026-04-27 04:22:54] ✅ Frontend OK
[2026-04-27 04:22:54] ✅ Frontend OK
[2026-04-27 04:28:39] ✅ Backend OK
[2026-04-27 04:28:40] ✅ Frontend OK
[2026-04-27 04:32:54] ✅ Backend OK
[2026-04-27 04:32:54] ✅ Backend OK
[2026-04-27 04:32:54] ✅ Frontend OK
[2026-04-27 04:32:54] ✅ Frontend OK
[2026-04-27 04:38:40] ✅ Backend OK
[2026-04-27 04:38:40] ✅ Frontend OK
[2026-04-27 04:42:54] ✅ Backend OK
[2026-04-27 04:42:54] ✅ Backend OK
[2026-04-27 04:42:54] ✅ Frontend OK
[2026-04-27 04:42:54] ✅ Frontend OK
[2026-04-27 04:48:40] ✅ Backend OK
[2026-04-27 04:48:40] ✅ Frontend OK
[2026-04-27 04:52:54] ✅ Backend OK
[2026-04-27 04:52:54] ✅ Backend OK
[2026-04-27 04:52:54] ✅ Frontend OK
[2026-04-27 04:52:54] ✅ Frontend OK
[2026-04-27 04:58:40] ✅ Backend OK
[2026-04-27 04:58:40] ✅ Frontend OK
[2026-04-27 05:02:54] ✅ Backend OK
[2026-04-27 05:02:54] ✅ Backend OK
[2026-04-27 05:02:54] ✅ Frontend OK
[2026-04-27 05:02:54] ✅ Frontend OK
[2026-04-27 05:08:40] ✅ Backend OK
[2026-04-27 05:08:40] ✅ Frontend OK
[2026-04-27 05:12:54] ✅ Backend OK
[2026-04-27 05:12:54] ✅ Backend OK
[2026-04-27 05:12:54] ✅ Frontend OK
[2026-04-27 05:12:54] ✅ Frontend OK
[2026-04-27 05:18:40] ✅ Backend OK
[2026-04-27 05:18:40] ✅ Frontend OK
[2026-04-27 05:22:54] ✅ Backend OK
[2026-04-27 05:22:54] ✅ Backend OK
[2026-04-27 05:22:54] ✅ Frontend OK
[2026-04-27 05:22:54] ✅ Frontend OK
[2026-04-27 05:28:40] ✅ Backend OK
[2026-04-27 05:28:40] ✅ Frontend OK
[2026-04-27 05:32:54] ✅ Backend OK
[2026-04-27 05:32:54] ✅ Backend OK
[2026-04-27 05:32:54] ✅ Frontend OK
[2026-04-27 05:32:54] ✅ Frontend OK
[2026-04-27 05:38:40] ✅ Backend OK
[2026-04-27 05:38:40] ✅ Frontend OK
[2026-04-27 05:42:54] ✅ Backend OK
[2026-04-27 05:42:54] ✅ Backend OK
[2026-04-27 05:42:54] ✅ Frontend OK
[2026-04-27 05:42:54] ✅ Frontend OK
[2026-04-27 05:48:40] ✅ Backend OK
[2026-04-27 05:48:40] ✅ Frontend OK
[2026-04-27 05:52:54] ✅ Backend OK
[2026-04-27 05:52:54] ✅ Backend OK
[2026-04-27 05:52:54] ✅ Frontend OK
[2026-04-27 05:52:54] ✅ Frontend OK
[2026-04-27 05:58:40] ✅ Backend OK
[2026-04-27 05:58:40] ✅ Frontend OK
[2026-04-27 06:02:54] ✅ Backend OK
[2026-04-27 06:02:54] ✅ Backend OK
[2026-04-27 06:02:54] ✅ Frontend OK
[2026-04-27 06:02:54] ✅ Frontend OK
[2026-04-27 06:08:40] ✅ Backend OK
[2026-04-27 06:08:40] ✅ Frontend OK
[2026-04-27 06:12:54] ✅ Backend OK
[2026-04-27 06:12:54] ✅ Backend OK
[2026-04-27 06:12:54] ✅ Frontend OK
[2026-04-27 06:12:54] ✅ Frontend OK
[2026-04-27 06:18:40] ✅ Backend OK
[2026-04-27 06:18:40] ✅ Frontend OK
[2026-04-27 06:22:54] ✅ Backend OK
[2026-04-27 06:22:54] ✅ Backend OK
[2026-04-27 06:22:54] ✅ Frontend OK
[2026-04-27 06:22:54] ✅ Frontend OK
[2026-04-27 06:28:40] ✅ Backend OK
[2026-04-27 06:28:40] ✅ Frontend OK
[2026-04-27 06:32:54] ✅ Backend OK
[2026-04-27 06:32:54] ✅ Backend OK
[2026-04-27 06:32:54] ✅ Frontend OK
[2026-04-27 06:32:54] ✅ Frontend OK
[2026-04-27 06:38:40] ✅ Backend OK
[2026-04-27 06:38:40] ✅ Frontend OK
[2026-04-27 06:42:54] ✅ Backend OK
[2026-04-27 06:42:54] ✅ Backend OK
[2026-04-27 06:42:54] ✅ Frontend OK
[2026-04-27 06:42:54] ✅ Frontend OK
[2026-04-27 06:48:40] ✅ Backend OK
[2026-04-27 06:48:40] ✅ Frontend OK
[2026-04-27 06:52:54] ✅ Backend OK
[2026-04-27 06:52:54] ✅ Backend OK
[2026-04-27 06:52:54] ✅ Frontend OK
[2026-04-27 06:52:54] ✅ Frontend OK
[2026-04-27 06:58:40] ✅ Backend OK
[2026-04-27 06:58:40] ✅ Frontend OK
[2026-04-27 07:02:54] ✅ Backend OK
[2026-04-27 07:02:54] ✅ Backend OK
[2026-04-27 07:02:54] ✅ Frontend OK
[2026-04-27 07:02:54] ✅ Frontend OK
[2026-04-27 07:08:40] ✅ Backend OK
[2026-04-27 07:08:40] ✅ Frontend OK
[2026-04-27 07:12:54] ✅ Backend OK
[2026-04-27 07:12:54] ✅ Backend OK
[2026-04-27 07:12:54] ✅ Frontend OK
[2026-04-27 07:12:54] ✅ Frontend OK
[2026-04-27 07:18:40] ✅ Backend OK
[2026-04-27 07:18:40] ✅ Frontend OK
[2026-04-27 07:22:54] ✅ Backend OK
[2026-04-27 07:22:54] ✅ Backend OK
[2026-04-27 07:22:54] ✅ Frontend OK
[2026-04-27 07:22:54] ✅ Frontend OK
[2026-04-27 07:28:40] ✅ Backend OK
[2026-04-27 07:28:40] ✅ Frontend OK
[2026-04-27 07:32:54] ✅ Backend OK
[2026-04-27 07:32:54] ✅ Backend OK
[2026-04-27 07:32:54] ✅ Frontend OK
[2026-04-27 07:32:54] ✅ Frontend OK
[2026-04-27 07:38:40] ✅ Backend OK
[2026-04-27 07:38:40] ✅ Frontend OK
[2026-04-27 07:42:54] ✅ Backend OK
[2026-04-27 07:42:54] ✅ Backend OK
[2026-04-27 07:42:54] ✅ Frontend OK
[2026-04-27 07:42:54] ✅ Frontend OK
[2026-04-27 07:48:40] ✅ Backend OK
[2026-04-27 07:48:40] ✅ Frontend OK
[2026-04-27 07:52:54] ✅ Backend OK
[2026-04-27 07:52:54] ✅ Backend OK
[2026-04-27 07:52:54] ✅ Frontend OK
[2026-04-27 07:52:54] ✅ Frontend OK
[2026-04-27 07:58:40] ✅ Backend OK
[2026-04-27 07:58:40] ✅ Frontend OK
[2026-04-27 08:02:54] ✅ Backend OK
[2026-04-27 08:02:54] ✅ Backend OK
[2026-04-27 08:02:54] ✅ Frontend OK
[2026-04-27 08:02:54] ✅ Frontend OK
[2026-04-27 08:08:40] ✅ Backend OK
[2026-04-27 08:08:40] ✅ Frontend OK
[2026-04-27 08:12:54] ✅ Backend OK
[2026-04-27 08:12:54] ✅ Backend OK
[2026-04-27 08:12:54] ✅ Frontend OK
[2026-04-27 08:12:54] ✅ Frontend OK
[2026-04-27 08:18:40] ✅ Backend OK
[2026-04-27 08:18:40] ✅ Frontend OK
[2026-04-27 08:22:54] ✅ Backend OK
[2026-04-27 08:22:54] ✅ Backend OK
[2026-04-27 08:22:54] ✅ Frontend OK
[2026-04-27 08:22:54] ✅ Frontend OK
[2026-04-27 08:28:40] ✅ Backend OK
[2026-04-27 08:28:40] ✅ Frontend OK
[2026-04-27 08:32:54] ✅ Backend OK
[2026-04-27 08:32:54] ✅ Backend OK
[2026-04-27 08:32:54] ✅ Frontend OK
[2026-04-27 08:32:54] ✅ Frontend OK
[2026-04-27 08:38:40] ✅ Backend OK
[2026-04-27 08:38:40] ✅ Frontend OK
[2026-04-27 08:42:54] ✅ Backend OK
[2026-04-27 08:42:54] ✅ Backend OK
[2026-04-27 08:42:54] ✅ Frontend OK
[2026-04-27 08:42:54] ✅ Frontend OK
[2026-04-27 08:48:40] ✅ Backend OK
[2026-04-27 08:48:40] ✅ Frontend OK
[2026-04-27 08:52:54] ✅ Backend OK
[2026-04-27 08:52:54] ✅ Backend OK
[2026-04-27 08:52:54] ✅ Frontend OK
[2026-04-27 08:52:54] ✅ Frontend OK
[2026-04-27 08:58:40] ✅ Backend OK
[2026-04-27 08:58:40] ✅ Frontend OK
[2026-04-27 09:02:55] ✅ Backend OK
[2026-04-27 09:02:55] ✅ Backend OK
[2026-04-27 09:02:55] ✅ Frontend OK
[2026-04-27 09:02:55] ✅ Frontend OK
[2026-04-27 09:08:40] ✅ Backend OK
[2026-04-27 09:08:40] ✅ Frontend OK
[2026-04-27 09:12:55] ✅ Backend OK
[2026-04-27 09:12:55] ✅ Backend OK
[2026-04-27 09:12:55] ✅ Frontend OK
[2026-04-27 09:12:55] ✅ Frontend OK
[2026-04-27 09:18:40] ✅ Backend OK
[2026-04-27 09:18:40] ✅ Frontend OK
[2026-04-27 09:22:55] ✅ Backend OK
[2026-04-27 09:22:55] ✅ Backend OK
[2026-04-27 09:22:55] ✅ Frontend OK
[2026-04-27 09:22:55] ✅ Frontend OK
[2026-04-27 09:28:40] ✅ Backend OK
[2026-04-27 09:28:40] ✅ Frontend OK
[2026-04-27 09:32:55] ✅ Backend OK
[2026-04-27 09:32:55] ✅ Backend OK
[2026-04-27 09:32:55] ✅ Frontend OK
[2026-04-27 09:32:55] ✅ Frontend OK
[2026-04-27 09:38:40] ✅ Backend OK
[2026-04-27 09:38:40] ✅ Frontend OK
[2026-04-27 09:42:55] ✅ Backend OK
[2026-04-27 09:42:55] ✅ Backend OK
[2026-04-27 09:42:55] ✅ Frontend OK
[2026-04-27 09:42:55] ✅ Frontend OK
[2026-04-27 09:48:40] ✅ Backend OK
[2026-04-27 09:48:40] ✅ Frontend OK
[2026-04-27 09:52:55] ✅ Backend OK
[2026-04-27 09:52:55] ✅ Backend OK
[2026-04-27 09:52:55] ✅ Frontend OK
[2026-04-27 09:52:55] ✅ Frontend OK
[2026-04-27 09:58:40] ✅ Backend OK
[2026-04-27 09:58:40] ✅ Frontend OK
[2026-04-27 10:02:55] ✅ Backend OK
[2026-04-27 10:02:55] ✅ Backend OK
[2026-04-27 10:02:55] ✅ Frontend OK
[2026-04-27 10:02:55] ✅ Frontend OK
[2026-04-27 10:08:40] ✅ Backend OK
[2026-04-27 10:08:40] ✅ Frontend OK
[2026-04-27 10:12:55] ✅ Backend OK
[2026-04-27 10:12:55] ✅ Backend OK
[2026-04-27 10:12:55] ✅ Frontend OK
[2026-04-27 10:12:55] ✅ Frontend OK
[2026-04-27 10:18:40] ✅ Backend OK
[2026-04-27 10:18:40] ✅ Frontend OK
[2026-04-27 10:22:55] ✅ Backend OK
[2026-04-27 10:22:55] ✅ Backend OK
[2026-04-27 10:22:55] ✅ Frontend OK
[2026-04-27 10:22:55] ✅ Frontend OK
[2026-04-27 10:28:40] ✅ Backend OK
[2026-04-27 10:28:40] ✅ Frontend OK
[2026-04-27 10:32:55] ✅ Backend OK
[2026-04-27 10:32:55] ✅ Backend OK
[2026-04-27 10:32:55] ✅ Frontend OK
[2026-04-27 10:32:55] ✅ Frontend OK
[2026-04-27 10:38:40] ✅ Backend OK
[2026-04-27 10:38:40] ✅ Frontend OK
[2026-04-27 10:42:55] ✅ Backend OK
[2026-04-27 10:42:55] ✅ Backend OK
[2026-04-27 10:42:55] ✅ Frontend OK
[2026-04-27 10:42:55] ✅ Frontend OK
[2026-04-27 10:48:40] ✅ Backend OK
[2026-04-27 10:48:40] ✅ Frontend OK
[2026-04-27 10:52:55] ✅ Backend OK
[2026-04-27 10:52:55] ✅ Backend OK
[2026-04-27 10:52:55] ✅ Frontend OK
[2026-04-27 10:52:55] ✅ Frontend OK
[2026-04-27 10:58:40] ✅ Backend OK
[2026-04-27 10:58:40] ✅ Frontend OK
[2026-04-27 11:02:55] ✅ Backend OK
[2026-04-27 11:02:55] ✅ Backend OK
[2026-04-27 11:02:55] ✅ Frontend OK
[2026-04-27 11:02:55] ✅ Frontend OK
[2026-04-27 11:08:40] ✅ Backend OK
[2026-04-27 11:08:40] ✅ Frontend OK
[2026-04-27 11:12:55] ✅ Backend OK
[2026-04-27 11:12:55] ✅ Backend OK
[2026-04-27 11:12:55] ✅ Frontend OK
[2026-04-27 11:12:55] ✅ Frontend OK
[2026-04-27 11:18:41] ✅ Backend OK
[2026-04-27 11:18:41] ✅ Frontend OK
[2026-04-27 11:28:46] === Keepalive daemon started ===
[2026-04-27 11:28:46] === Keepalive daemon started ===
[2026-04-27 11:28:46] ⚠️ Backend (port 8082) is DOWN, restarting...
[2026-04-27 11:28:46] ⚠️ Backend (port 8082) is DOWN, restarting...
[2026-04-27 11:28:47] Backend started, PID=2360315
[2026-04-27 11:28:47] Backend started, PID=2360315
[2026-04-27 11:28:47] ⚠️ Frontend (port 3000) is DOWN, restarting...
[2026-04-27 11:28:47] ⚠️ Frontend (port 3000) is DOWN, restarting...
[2026-04-27 11:28:48] Frontend (serve) started, PID=2360327
[2026-04-27 11:28:48] Frontend (serve) started, PID=2360327
[2026-04-27 11:28:48] ⚠️ ngrok is DOWN, restarting...
[2026-04-27 11:28:48] ⚠️ ngrok is DOWN, restarting...
[2026-04-27 11:28:49] ngrok started, PID=2360347
[2026-04-27 11:28:49] ngrok started, PID=2360347
[2026-04-27 11:28:52] ngrok URL: 
[2026-04-27 11:28:52] ngrok URL: 
[2026-04-27 11:38:52] ✅ Backend OK
[2026-04-27 11:38:52] ✅ Backend OK
[2026-04-27 11:38:52] ✅ Frontend OK
[2026-04-27 11:38:52] ✅ Frontend OK
[2026-04-27 11:38:52] ✅ ngrok OK
[2026-04-27 11:38:52] ✅ ngrok OK
[2026-04-27 11:48:52] ✅ Backend OK
[2026-04-27 11:48:52] ✅ Backend OK
[2026-04-27 11:48:52] ✅ Frontend OK
[2026-04-27 11:48:52] ✅ Frontend OK
[2026-04-27 11:48:52] ✅ ngrok OK
[2026-04-27 11:48:52] ✅ ngrok OK
[2026-04-27 11:58:52] ✅ Backend OK
[2026-04-27 11:58:52] ✅ Backend OK
[2026-04-27 11:58:52] ✅ Frontend OK
[2026-04-27 11:58:52] ✅ Frontend OK
[2026-04-27 11:58:52] ✅ ngrok OK
[2026-04-27 11:58:52] ✅ ngrok OK
